******************************************************************************
                  TI ARM Linker PC v20.2.1                     
******************************************************************************
>> Linked Fri Jun 11 02:14:52 2021

OUTPUT FILE NAME:   <TIMERSITO.out>
ENTRY POINT SYMBOL: "_c_int00_noargs"  address: 00000649


MEMORY CONFIGURATION

         name            origin    length      used     unused   attr    fill
----------------------  --------  ---------  --------  --------  ----  --------
  MAIN                  00000000   00040000  000006ec  0003f914  R  X
  INFO                  00200000   00004000  00000000  00004000  R  X
  SRAM_CODE             01000000   00010000  00000208  0000fdf8  RW X
  SRAM_DATA             20000000   00010000  00000208  0000fdf8  RW  


SEGMENT ALLOCATION MAP

run origin  load origin   length   init length attrs members
----------  ----------- ---------- ----------- ----- -------
00000000    00000000    000006f0   000006f0    r-x
  00000000    00000000    000000e4   000000e4    r-- .intvecs
  000000e4    000000e4    000005d8   000005d8    r-x .text
  000006c0    000006c0    00000030   00000030    r-- .cinit
20000000    20000000    00000008   00000000    rw-
  20000000    20000000    00000004   00000000    rw- .bss
  20000004    20000004    00000004   00000000    rw- .data
2000fe00    2000fe00    00000200   00000000    rw-
  2000fe00    2000fe00    00000200   00000000    rw- .stack


SECTION ALLOCATION MAP

 output                                  attributes/
section   page    origin      length       input sections
--------  ----  ----------  ----------   ----------------
.intvecs   0    00000000    000000e4     
                  00000000    000000e4     startup_msp432p401r_ccs.obj (.intvecs:retain)

.text      0    000000e4    000005d8     
                  000000e4    00000334     system_msp432p401r.obj (.text)
                  00000418    000000a4     TIMER_A0_MSP432.obj (.text)
                  000004bc    0000009c     rtsv7M4_T_le_v4SPD16_eabi.lib : memcpy_t2.asm.obj (.text)
                  00000558    00000068                                   : copy_decompress_lzss.c.obj (.text:decompress:lzss:__TI_decompress_lzss)
                  000005c0    00000044                                   : autoinit.c.obj (.text:__TI_auto_init_nobinit_nopinit:__TI_auto_init_nobinit_nopinit)
                  00000604    00000044     main.obj (.text)
                  00000648    00000034     rtsv7M4_T_le_v4SPD16_eabi.lib : boot_cortex_m.c.obj (.text:_c_int00_noargs:_c_int00_noargs)
                  0000067c    0000001c                                   : copy_zero_init.c.obj (.text:decompress:ZI:__TI_zero_init_nomemset:__TI_zero_init_nomemset)
                  00000698    0000000e                                   : copy_decompress_none.c.obj (.text:decompress:none:__TI_decompress_none)
                  000006a6    0000000e     startup_msp432p401r_ccs.obj (.text)
                  000006b4    00000004     rtsv7M4_T_le_v4SPD16_eabi.lib : pre_init.c.obj (.text:_system_pre_init)
                  000006b8    00000004                                   : exit.c.obj (.text:abort:abort)

.cinit     0    000006c0    00000030     
                  000006c0    0000000c     (__TI_handler_table)
                  000006cc    00000004     --HOLE-- [fill = 0]
                  000006d0    00000008     (.cinit..bss.load) [load image, compression = zero_init]
                  000006d8    00000008     (.cinit..data.load) [load image, compression = lzss]
                  000006e0    00000010     (__TI_cinit_table)

.init_array 
*          0    00000000    00000000     UNINITIALIZED

.binit     0    00000000    00000000     

.bss       0    20000000    00000004     UNINITIALIZED
                  20000000    00000004     TIMER_A0_MSP432.obj (.bss)

.data      0    20000004    00000004     UNINITIALIZED
                  20000004    00000004     system_msp432p401r.obj (.data)

.stack     0    2000fe00    00000200     UNINITIALIZED
                  2000fe00    00000004     rtsv7M4_T_le_v4SPD16_eabi.lib : boot_cortex_m.c.obj (.stack)
                  2000fe04    000001fc     --HOLE--

__llvm_prf_cnts 
*          0    20000000    00000000     UNINITIALIZED

MODULE SUMMARY

       Module                        code   ro data   rw data
       ------                        ----   -------   -------
    .\
       system_msp432p401r.obj        820    0         8      
       startup_msp432p401r_ccs.obj   14     228       0      
       main.obj                      68     0         0      
    +--+-----------------------------+------+---------+---------+
       Total:                        902    228       8      
                                                             
    .\Drivers\
       TIMER_A0_MSP432.obj           164    0         8      
    +--+-----------------------------+------+---------+---------+
       Total:                        164    0         8      
                                                             
    C:\ti\ccs1011\ccs\tools\compiler\ti-cgt-arm_20.2.1.LTS\lib\rtsv7M4_T_le_v4SPD16_eabi.lib
       memcpy_t2.asm.obj             156    0         0      
       copy_decompress_lzss.c.obj    104    0         0      
       autoinit.c.obj                68     0         0      
       boot_cortex_m.c.obj           52     0         0      
       copy_zero_init.c.obj          28     0         0      
       copy_decompress_none.c.obj    14     0         0      
       exit.c.obj                    4      0         0      
       pre_init.c.obj                4      0         0      
    +--+-----------------------------+------+---------+---------+
       Total:                        430    0         0      
                                                             
       Stack:                        0      0         1024   
       Linker Generated:             0      44        0      
    +--+-----------------------------+------+---------+---------+
       Grand Total:                  1496   272       1040   


LINKER GENERATED COPY TABLES

__TI_cinit_table @ 000006e0 records: 2, size/record: 8, table size: 16
	.bss: load addr=000006d0, load size=00000008 bytes, run addr=20000000, run size=00000004 bytes, compression=zero_init
	.data: load addr=000006d8, load size=00000008 bytes, run addr=20000004, run size=00000004 bytes, compression=lzss


LINKER GENERATED HANDLER TABLE

__TI_handler_table @ 000006c0 records: 3, size/record: 4, table size: 12
	index: 0, handler: __TI_decompress_lzss
	index: 1, handler: __TI_decompress_none
	index: 2, handler: __TI_zero_init


GLOBAL SYMBOLS: SORTED ALPHABETICALLY BY Name 

address   name                          
-------   ----                          
000006b3  ADC14_IRQHandler              
000006b3  AES256_IRQHandler             
000006b3  BusFault_Handler              
000006b9  C$$EXIT                       
000006b3  COMP_E0_IRQHandler            
000006b3  COMP_E1_IRQHandler            
000006b3  CS_IRQHandler                 
000006b3  DMA_ERR_IRQHandler            
000006b3  DMA_INT0_IRQHandler           
000006b3  DMA_INT1_IRQHandler           
000006b3  DMA_INT2_IRQHandler           
000006b3  DMA_INT3_IRQHandler           
000006b3  DebugMon_Handler              
000006b3  Default_Handler               
000006b3  EUSCIA0_IRQHandler            
000006b3  EUSCIA1_IRQHandler            
000006b3  EUSCIA2_IRQHandler            
000006b3  EUSCIA3_IRQHandler            
000006b3  EUSCIB0_IRQHandler            
000006b3  EUSCIB1_IRQHandler            
000006b3  EUSCIB2_IRQHandler            
000006b3  EUSCIB3_IRQHandler            
000006b3  FLCTL_IRQHandler              
000006b3  FPU_IRQHandler                
000006b3  HardFault_Handler             
000006b3  MemManage_Handler             
000006b3  NMI_Handler                   
000006b3  PCM_IRQHandler                
000006b3  PORT1_IRQHandler              
000006b3  PORT2_IRQHandler              
000006b3  PORT3_IRQHandler              
000006b3  PORT4_IRQHandler              
000006b3  PORT5_IRQHandler              
000006b3  PORT6_IRQHandler              
000006b3  PSS_IRQHandler                
000006b3  PendSV_Handler                
000006b3  RTC_C_IRQHandler              
000006a7  Reset_Handler                 
000006b3  SVC_Handler                   
000006b3  SysTick_Handler               
20000004  SystemCoreClock               
000000e5  SystemCoreClockUpdate         
0000035d  SystemInit                    
000004a1  T16_ClearInterrupFlag2        
00000487  T16_ClearInterruptFlag        
00000439  T16_Configure                 
00000431  T16_DisableInterrupt          
0000047f  T16_DisableTimer              
00000429  T16_EnableInterrupt           
00000477  T16_EnableTimer               
00000419  T16_Init                      
00000463  T16_SetLoadValue              
000006b3  T32_INT1_IRQHandler           
000006b3  T32_INT2_IRQHandler           
000006b3  T32_INTC_IRQHandler           
000006b3  TA0_0_IRQHandler              
000006b3  TA0_N_IRQHandler              
000006b3  TA1_0_IRQHandler              
000006b3  TA1_N_IRQHandler              
000006b3  TA2_0_IRQHandler              
000006b3  TA2_N_IRQHandler              
000006b3  TA3_0_IRQHandler              
000006b3  TA3_N_IRQHandler              
000006b3  UsageFault_Handler            
4000480c  WDTCTL_SYM                    
000006b3  WDT_A_IRQHandler              
20010000  __STACK_END                   
00000200  __STACK_SIZE                  
000006e0  __TI_CINIT_Base               
000006f0  __TI_CINIT_Limit              
000006c0  __TI_Handler_Table_Base       
000006cc  __TI_Handler_Table_Limit      
000005c1  __TI_auto_init_nobinit_nopinit
00000559  __TI_decompress_lzss          
00000699  __TI_decompress_none          
ffffffff  __TI_pprof_out_hndl           
ffffffff  __TI_prof_data_size           
ffffffff  __TI_prof_data_start          
00000000  __TI_static_base__            
0000067d  __TI_zero_init_nomemset       
000004bd  __aeabi_memcpy                
000004bd  __aeabi_memcpy4               
000004bd  __aeabi_memcpy8               
ffffffff  __binit__                     
ffffffff  __c_args__                    
UNDEFED   __mpu_init                    
2000fe00  __stack                       
20000000  __start___llvm_prf_cnts       
20000000  __stop___llvm_prf_cnts        
00000649  _c_int00_noargs               
UNDEFED   _system_post_cinit            
000006b5  _system_pre_init              
000006b9  abort                         
ffffffff  binit                         
00000000  interruptVectors              
00000605  main                          
000004bd  memcpy                        


GLOBAL SYMBOLS: SORTED BY Symbol Address 

address   name                          
-------   ----                          
00000000  __TI_static_base__            
00000000  interruptVectors              
000000e5  SystemCoreClockUpdate         
00000200  __STACK_SIZE                  
0000035d  SystemInit                    
00000419  T16_Init                      
00000429  T16_EnableInterrupt           
00000431  T16_DisableInterrupt          
00000439  T16_Configure                 
00000463  T16_SetLoadValue              
00000477  T16_EnableTimer               
0000047f  T16_DisableTimer              
00000487  T16_ClearInterruptFlag        
000004a1  T16_ClearInterrupFlag2        
000004bd  __aeabi_memcpy                
000004bd  __aeabi_memcpy4               
000004bd  __aeabi_memcpy8               
000004bd  memcpy                        
00000559  __TI_decompress_lzss          
000005c1  __TI_auto_init_nobinit_nopinit
00000605  main                          
00000649  _c_int00_noargs               
0000067d  __TI_zero_init_nomemset       
00000699  __TI_decompress_none          
000006a7  Reset_Handler                 
000006b3  ADC14_IRQHandler              
000006b3  AES256_IRQHandler             
000006b3  BusFault_Handler              
000006b3  COMP_E0_IRQHandler            
000006b3  COMP_E1_IRQHandler            
000006b3  CS_IRQHandler                 
000006b3  DMA_ERR_IRQHandler            
000006b3  DMA_INT0_IRQHandler           
000006b3  DMA_INT1_IRQHandler           
000006b3  DMA_INT2_IRQHandler           
000006b3  DMA_INT3_IRQHandler           
000006b3  DebugMon_Handler              
000006b3  Default_Handler               
000006b3  EUSCIA0_IRQHandler            
000006b3  EUSCIA1_IRQHandler            
000006b3  EUSCIA2_IRQHandler            
000006b3  EUSCIA3_IRQHandler            
000006b3  EUSCIB0_IRQHandler            
000006b3  EUSCIB1_IRQHandler            
000006b3  EUSCIB2_IRQHandler            
000006b3  EUSCIB3_IRQHandler            
000006b3  FLCTL_IRQHandler              
000006b3  FPU_IRQHandler                
000006b3  HardFault_Handler             
000006b3  MemManage_Handler             
000006b3  NMI_Handler                   
000006b3  PCM_IRQHandler                
000006b3  PORT1_IRQHandler              
000006b3  PORT2_IRQHandler              
000006b3  PORT3_IRQHandler              
000006b3  PORT4_IRQHandler              
000006b3  PORT5_IRQHandler              
000006b3  PORT6_IRQHandler              
000006b3  PSS_IRQHandler                
000006b3  PendSV_Handler                
000006b3  RTC_C_IRQHandler              
000006b3  SVC_Handler                   
000006b3  SysTick_Handler               
000006b3  T32_INT1_IRQHandler           
000006b3  T32_INT2_IRQHandler           
000006b3  T32_INTC_IRQHandler           
000006b3  TA0_0_IRQHandler              
000006b3  TA0_N_IRQHandler              
000006b3  TA1_0_IRQHandler              
000006b3  TA1_N_IRQHandler              
000006b3  TA2_0_IRQHandler              
000006b3  TA2_N_IRQHandler              
000006b3  TA3_0_IRQHandler              
000006b3  TA3_N_IRQHandler              
000006b3  UsageFault_Handler            
000006b3  WDT_A_IRQHandler              
000006b5  _system_pre_init              
000006b9  C$$EXIT                       
000006b9  abort                         
000006c0  __TI_Handler_Table_Base       
000006cc  __TI_Handler_Table_Limit      
000006e0  __TI_CINIT_Base               
000006f0  __TI_CINIT_Limit              
20000000  __start___llvm_prf_cnts       
20000000  __stop___llvm_prf_cnts        
20000004  SystemCoreClock               
2000fe00  __stack                       
20010000  __STACK_END                   
4000480c  WDTCTL_SYM                    
ffffffff  __TI_pprof_out_hndl           
ffffffff  __TI_prof_data_size           
ffffffff  __TI_prof_data_start          
ffffffff  __binit__                     
ffffffff  __c_args__                    
ffffffff  binit                         
UNDEFED   __mpu_init                    
UNDEFED   _system_post_cinit            

[97 symbols]
